node : [0m[7m[1m[31m FAIL [39m[22m[27m[0m 
[2mcomponents/suit/[22m[1mWizardFlow.test.tsx[22m
At line:1 char:1
+ node "node_modules/jest/bin/jest.js" 
components/suit/WizardFlow.test. ...
+ 
~~~~~~~~~~~~~~~~~~~~~~~~~~~~~~~~~~~~~~~~~~~~~~~~~~~~~~~~~~~~~~~~~~~~~
    + CategoryInfo          : NotSpecified: ([0m[7m[1m[3...w.test 
   .tsx[22m:String) [], RemoteException
    + FullyQualifiedErrorId : NativeCommandError
 
  [1mΓùÅ [22mTest suite failed to run

    [1m[31mJest encountered an unexpected token[39m[22m

    Jest failed to parse a file. This happens e.g. when your code or 
its dependencies use non-standard JavaScript syntax, or when Jest is 
not configured to support such syntax.

    Out of the box Jest supports Babel, which will be used to 
transform your files into valid JS based on your Babel configuration.

    By default "node_modules" folder is ignored by transformers.

    Here's what you can do:
     ΓÇó If you are trying to use ECMAScript Modules, see 
[4mhttps://jestjs.io/docs/ecmascript-modules[24m for how to enable 
it.
     ΓÇó If you are trying to use TypeScript, see 
[4mhttps://jestjs.io/docs/getting-started#using-typescript[24m
     ΓÇó To have some of your "node_modules" files transformed, you 
can specify a custom [1m"transformIgnorePatterns"[22m in your 
config.
     ΓÇó If you need a custom transformation specify a 
[1m"transform"[22m option in your config.
     ΓÇó If you simply want to mock your non-JS modules (e.g. binary 
assets) you can stub them out with the [1m"moduleNameMapper"[22m 
config option.

    You'll find more details and examples of these config options in 
the docs:
    [36mhttps://jestjs.io/docs/configuration[39m
    For information about custom transformations, see:
    [36mhttps://jestjs.io/docs/code-transformation[39m

    [1m[31mDetails:[39m[22m

    C:\Users\NAVIN TOM BABU\Desktop\Vakalath Drafting & 
e-Filing\jest.setup.js:2
    import '@testing-library/jest-dom';
    ^^^^^^

    SyntaxError: Cannot use import statement outside a module

      [2mat Runtime.createScriptFromCode 
([22mnode_modules/jest-runtime/build/index.js[2m:1505:14)[22m

[1mTest Suites: [22m[1m[31m1 failed[39m[22m, 1 total
[1mTests:       [22m0 total
[1mSnapshots:   [22m0 total
[1mTime:[22m        1.29 s
[2mRan all test suites[22m[2m matching 
[22m/components\\suit\\WizardFlow.test.tsx/i[2m.[22m
